<?xml version="1.0" encoding="UTF-8"?>
<testsuites name="jest tests" tests="7" failures="0" time="4.54">
  <testsuite name="undefined" errors="0" failures="0" skipped="0" timestamp="2022-08-30T08:34:15" time="3.501" tests="7">
    <testcase classname=" initial UI is rendered as expected" name=" initial UI is rendered as expected" time="0.046">
    </testcase>
    <testcase classname=" + operation works" name=" + operation works" time="0.025">
    </testcase>
    <testcase classname=" - operation works" name=" - operation works" time="0.016">
    </testcase>
    <testcase classname=" * operation works" name=" * operation works" time="0.014">
    </testcase>
    <testcase classname=" / operation works" name=" / operation works" time="0.011">
    </testcase>
    <testcase classname=" total operations count is maintained" name=" total operations count is maintained" time="0.025">
    </testcase>
    <testcase classname=" Reset button works" name=" Reset button works" time="0.012">
    </testcase>
  </testsuite>
</testsuites>